// Jest Snapshot v1, https://goo.gl/fbAQLP

exports[`use-case get agent execute gateway returns an agent entity should return responseModel with agent when gateway returns an entity 1`] = `null`;
